
Circuit 1 cell ppolyf_u_1k and Circuit 2 cell ppolyf_u_1k are black boxes.
Warning: Equate pins:  cell ppolyf_u_1k is a placeholder, treated as a black box.
Warning: Equate pins:  cell ppolyf_u_1k is a placeholder, treated as a black box.

Subcircuit pins:
Circuit 1: ppolyf_u_1k                     |Circuit 2: ppolyf_u_1k                     
-------------------------------------------|-------------------------------------------
1                                          |1                                          
2                                          |2                                          
3                                          |3                                          
---------------------------------------------------------------------------------------
Cell pin lists are equivalent.
Device classes ppolyf_u_1k and ppolyf_u_1k are equivalent.

Cell nfet_03v3 (0) disconnected node: drain
Cell nfet_03v3 (0) disconnected node: gate
Cell nfet_03v3 (0) disconnected node: source
Cell nfet_03v3 (0) disconnected node: bulk
Warning: Equate pins:  cell nfet_03v3 is a placeholder, treated as a black box.

Subcircuit pins:
Circuit 1: nfet_03v3                       |Circuit 2: nfet_03v3                       
-------------------------------------------|-------------------------------------------
(no matching pin)                          |1                                          
(no matching pin)                          |1                                          
(no matching pin)                          |2                                          
(no matching pin)                          |2                                          
(no matching pin)                          |3                                          
(no matching pin)                          |3                                          
(no matching pin)                          |4                                          
(no matching pin)                          |4                                          
drain                                      |(no matching pin)                          
gate                                       |(no matching pin)                          
source                                     |(no matching pin)                          
bulk                                       |(no matching pin)                          
---------------------------------------------------------------------------------------
Cell pin lists are equivalent.
Device classes nfet_03v3 and nfet_03v3 are equivalent.
Flattening unmatched subcell ppolyf_u_1k_E2RDXR in circuit cg_amp_tia (1)(1 instance)
Flattening unmatched subcell nfet_03v3_LEXRL4 in circuit cg_amp_tia (1)(1 instance)

Cell cg_amp_tia (0) disconnected node: V_bias
Cell cg_amp_tia (0) disconnected node: I_in
Subcircuit summary:
Circuit 1: cg_amp_tia                      |Circuit 2: cg_amp_tia                      
-------------------------------------------|-------------------------------------------
nfet_03v3 (1)                              |nfet_03v3 (1)                              
ppolyf_u_1k (1)                            |ppolyf_u_1k (1)                            
Number of devices: 2                       |Number of devices: 2                       
Number of nets: 7 **Mismatch**             |Number of nets: 5 **Mismatch**             
---------------------------------------------------------------------------------------
Class nfet_03v3 does not have pin nfet_03v3.
Class nfet_03v3 does not have pin dummy_6.
NET mismatches: Class fragments follow (with fanout counts):
Circuit 1: cg_amp_tia                      |Circuit 2: cg_amp_tia                      

---------------------------------------------------------------------------------------
Net: V_ref                                 |Net: V_ref                                 
  ppolyf_u_1k/(1|2) = 1                    |  ppolyf_u_1k/(1|2) = 1                    
                                           |                                           
Net: dummy_7                               |Net: V_bias                                
  nfet_03v3/proxy2 = 1                     |  nfet_03v3/2 = 1                          
                                           |                                           
Net: dummy_6                               |Net: I_in                                  
  nfet_03v3/proxy1 = 1                     |  nfet_03v3/(1|3) = 1                      
                                           |                                           
Net: VSS                                   |Net: VSS                                   
  ppolyf_u_1k/3 = 1                        |  ppolyf_u_1k/3 = 1                        
                                           |  nfet_03v3/4 = 1                          
                                           |                                           
Net: V_out                                 |Net: V_out                                 
  ppolyf_u_1k/(1|2) = 1                    |  ppolyf_u_1k/(1|2) = 1                    
                                           |  nfet_03v3/(1|3) = 1                      
                                           |                                           
Net: dummy_8                               |(no matching net)                          
  nfet_03v3/proxy3 = 1                     |                                           
                                           |                                           
Net: dummy_9                               |(no matching net)                          
  nfet_03v3/proxy4 = 1                     |                                           
---------------------------------------------------------------------------------------
DEVICE mismatches: Class fragments follow (with node fanout counts):
Circuit 1: cg_amp_tia                      |Circuit 2: cg_amp_tia                      

---------------------------------------------------------------------------------------
Instance: nfet_03v3:1                      |Instance: nfet_03v3_LEXRL4:M1/nfet_03v3:0  
  proxy1 = 1                               |  (1,3) = (2,1)                            
  proxy2 = 1                               |  2 = 1                                    
  proxy3 = 1                               |  4 = 2                                    
  proxy4 = 1                               |                                           
---------------------------------------------------------------------------------------
Netlists do not match.
Port matching may fail to disambiguate symmetries.

Subcircuit pins:
Circuit 1: cg_amp_tia                      |Circuit 2: cg_amp_tia                      
-------------------------------------------|-------------------------------------------
V_out                                      |V_ref **Mismatch**                         
V_ref                                      |V_bias **Mismatch**                        
VSS                                        |I_in **Mismatch**                          
(no pin, node is dummy_9)                  |V_out                                      
(no pin, node is dummy_9)                  |VSS                                        
V_bias                                     |(no matching pin)                          
I_in                                       |(no matching pin)                          
---------------------------------------------------------------------------------------
Cell pin lists for cg_amp_tia and cg_amp_tia altered to match.
Device classes cg_amp_tia and cg_amp_tia are equivalent.

Final result: Top level cell failed pin matching.
