
Circuit 1 cell ppolyf_u_1k and Circuit 2 cell ppolyf_u_1k are black boxes.
Warning: Equate pins:  cell ppolyf_u_1k is a placeholder, treated as a black box.
Warning: Equate pins:  cell ppolyf_u_1k is a placeholder, treated as a black box.

Subcircuit pins:
Circuit 1: ppolyf_u_1k                     |Circuit 2: ppolyf_u_1k                     
-------------------------------------------|-------------------------------------------
1                                          |1                                          
2                                          |2                                          
3                                          |3                                          
---------------------------------------------------------------------------------------
Cell pin lists are equivalent.
Device classes ppolyf_u_1k and ppolyf_u_1k are equivalent.

Circuit 1 cell nfet_03v3 and Circuit 2 cell nfet_03v3 are black boxes.
Warning: Equate pins:  cell nfet_03v3 is a placeholder, treated as a black box.
Warning: Equate pins:  cell nfet_03v3 is a placeholder, treated as a black box.

Subcircuit pins:
Circuit 1: nfet_03v3                       |Circuit 2: nfet_03v3                       
-------------------------------------------|-------------------------------------------
1                                          |1                                          
2                                          |2                                          
3                                          |3                                          
4                                          |4                                          
---------------------------------------------------------------------------------------
Cell pin lists are equivalent.
Device classes nfet_03v3 and nfet_03v3 are equivalent.
Flattening unmatched subcell ppolyf_u_1k_E2RDXR in circuit cg_amp_tia (1)(1 instance)
Flattening unmatched subcell nfet_03v3_LEXRL4 in circuit cg_amp_tia (1)(1 instance)

Subcircuit summary:
Circuit 1: cg_amp_tia                      |Circuit 2: cg_amp_tia                      
-------------------------------------------|-------------------------------------------
nfet_03v3 (1)                              |nfet_03v3 (1)                              
ppolyf_u_1k (1)                            |ppolyf_u_1k (1)                            
Number of devices: 2                       |Number of devices: 2                       
Number of nets: 5                          |Number of nets: 5                          
---------------------------------------------------------------------------------------
Netlists match uniquely.

Subcircuit pins:
Circuit 1: cg_amp_tia                      |Circuit 2: cg_amp_tia                      
-------------------------------------------|-------------------------------------------
V_ref                                      |V_ref                                      
V_bias                                     |V_bias                                     
I_in                                       |I_in                                       
VSS                                        |VSS                                        
V_out                                      |V_out                                      
---------------------------------------------------------------------------------------
Cell pin lists are equivalent.
Device classes cg_amp_tia and cg_amp_tia are equivalent.

Final result: Circuits match uniquely.
.
