
Circuit 1 cell ppolyf_u_1k and Circuit 2 cell ppolyf_u_1k are black boxes.
Warning: Equate pins:  cell ppolyf_u_1k is a placeholder, treated as a black box.
Warning: Equate pins:  cell ppolyf_u_1k is a placeholder, treated as a black box.

Subcircuit pins:
Circuit 1: ppolyf_u_1k                     |Circuit 2: ppolyf_u_1k                     
-------------------------------------------|-------------------------------------------
1                                          |1                                          
2                                          |2                                          
3                                          |3                                          
---------------------------------------------------------------------------------------
Cell pin lists are equivalent.
Device classes ppolyf_u_1k and ppolyf_u_1k are equivalent.

Cell nfet_03v3 (1) disconnected node: drain
Cell nfet_03v3 (1) disconnected node: gate
Cell nfet_03v3 (1) disconnected node: source
Cell nfet_03v3 (1) disconnected node: bulk
Warning: Equate pins:  cell nfet_03v3 is a placeholder, treated as a black box.

Subcircuit pins:
Circuit 1: nfet_03v3                       |Circuit 2: nfet_03v3                       
-------------------------------------------|-------------------------------------------
(no matching pin)                          |drain                                      
(no matching pin)                          |drain                                      
(no matching pin)                          |gate                                       
(no matching pin)                          |gate                                       
(no matching pin)                          |source                                     
(no matching pin)                          |source                                     
(no matching pin)                          |bulk                                       
(no matching pin)                          |bulk                                       
1                                          |(no matching pin)                          
2                                          |(no matching pin)                          
3                                          |(no matching pin)                          
4                                          |(no matching pin)                          
---------------------------------------------------------------------------------------
Cell pin lists are equivalent.
Device classes nfet_03v3 and nfet_03v3 are equivalent.
Flattening unmatched subcell ppolyf_u_1k_E2RDXR in circuit cg_amp_tia (0)(1 instance)
Flattening unmatched subcell nfet_03v3_LEXRL4 in circuit cg_amp_tia (0)(1 instance)

Subcircuit summary:
Circuit 1: cg_amp_tia                      |Circuit 2: cg_amp_tia                      
-------------------------------------------|-------------------------------------------
ppolyf_u_1k (1)                            |ppolyf_u_1k (1)                            
nfet_03v3 (1)                              |nfet_03v3 (1)                              
Number of devices: 2                       |Number of devices: 2                       
Number of nets: 9                          |Number of nets: 9                          
---------------------------------------------------------------------------------------
NET mismatches: Class fragments follow (with fanout counts):
Circuit 1: cg_amp_tia                      |Circuit 2: cg_amp_tia                      

---------------------------------------------------------------------------------------
Net: nfet_03v3_LEXRL4:M1/dummy_8           |Net: dummy_9                               
  nfet_03v3/proxybulk = 1                  |  nfet_03v3/proxy4 = 1                     
                                           |                                           
Net: nfet_03v3_LEXRL4:M1/dummy_7           |Net: dummy_8                               
  nfet_03v3/proxysource = 1                |  nfet_03v3/proxy3 = 1                     
                                           |                                           
Net: nfet_03v3_LEXRL4:M1/dummy_6           |Net: dummy_7                               
  nfet_03v3/proxygate = 1                  |  nfet_03v3/proxy2 = 1                     
                                           |                                           
Net: nfet_03v3_LEXRL4:M1/dummy_5           |Net: dummy_6                               
  nfet_03v3/proxydrain = 1                 |  nfet_03v3/proxy1 = 1                     
                                           |                                           
Net: I_in                                  |Net: I_in                                  
  nfet_03v3/(1|3) = 1                      |  nfet_03v3/(drain|source) = 1             
                                           |                                           
Net: V_bias                                |Net: V_bias                                
  nfet_03v3/2 = 1                          |  nfet_03v3/gate = 1                       
---------------------------------------------------------------------------------------

---------------------------------------------------------------------------------------
Net: VSS                                   |Net: VSS                                   
  ppolyf_u_1k/3 = 1                        |  ppolyf_u_1k/3 = 1                        
  nfet_03v3/4 = 1                          |  nfet_03v3/bulk = 1                       
                                           |                                           
Net: V_out                                 |Net: V_out                                 
  ppolyf_u_1k/(1|2) = 1                    |  ppolyf_u_1k/(1|2) = 1                    
  nfet_03v3/(1|3) = 1                      |  nfet_03v3/(drain|source) = 1             
---------------------------------------------------------------------------------------
DEVICE mismatches: Class fragments follow (with node fanout counts):
Circuit 1: cg_amp_tia                      |Circuit 2: cg_amp_tia                      

---------------------------------------------------------------------------------------
Instance: nfet_03v3_LEXRL4:M1/nfet_03v3:0  |Instance: nfet_03v3:1                      
  (1,3) = (2,1)                            |  proxy1 = 1                               
  2 = 1                                    |  proxy2 = 1                               
  4 = 2                                    |  proxy3 = 1                               
  proxydrain = 1                           |  proxy4 = 1                               
  proxygate = 1                            |  (drain,source) = (2,1)                   
  proxysource = 1                          |  gate = 1                                 
  proxybulk = 1                            |  bulk = 2                                 
---------------------------------------------------------------------------------------
Netlists do not match.
Port matching may fail to disambiguate symmetries.

Subcircuit pins:
Circuit 1: cg_amp_tia                      |Circuit 2: cg_amp_tia                      
-------------------------------------------|-------------------------------------------
I_in                                       |I_in                                       
V_bias                                     |V_bias                                     
V_ref                                      |V_ref                                      
V_out                                      |VSS **Mismatch**                           
VSS                                        |V_out **Mismatch**                         
---------------------------------------------------------------------------------------
Cell pin lists for cg_amp_tia and cg_amp_tia altered to match.
Device classes cg_amp_tia and cg_amp_tia are equivalent.

Final result: Top level cell failed pin matching.
